{
  "URL": {
    "Scheme": "https",
    "Opaque": "",
    "User": null,
    "Host": "storage.googleapis.com",
    "Path": "/sinmetal-ci-fake/hoge.txt",
    "RawPath": "",
    "ForceQuery": false,
    "RawQuery": "",
    "Fragment": ""
  },
  "Method": "GET",
  "Header": {},
  "Body": null
}