{
  "log": {
    "version": "1.2",
    "creator": {
      "name": "github.com/vvakame/go-harlog",
      "version": "0.0.1"
    },
    "entries": [
      {
        "startedDateTime": "2020-04-16T15:57:50+09:00",
        "time": 388.280485,
        "request": {
          "method": "POST",
          "url": "https://storage.googleapis.com/upload/storage/v1/b/sinmetal-ci-fake/o?alt=json\u0026prettyPrint=false\u0026projection=full\u0026uploadType=multipart",
          "httpVersion": "HTTP/1.1",
          "cookies": [],
          "headers": [
            {
              "name": "Content-Type",
              "value": "multipart/related; boundary=c14415a865582dfcab9ff7305112c6ba804dca79b04e005a3c4d2fe3173d"
            },
            {
              "name": "X-Goog-Api-Client",
              "value": "gl-go/1.13.8 gccl/20200331"
            },
            {
              "name": "User-Agent",
              "value": "google-api-go-client/0.5"
            }
          ],
          "queryString": [
            {
              "name": "uploadType",
              "value": "multipart"
            },
            {
              "name": "alt",
              "value": "json"
            },
            {
              "name": "prettyPrint",
              "value": "false"
            },
            {
              "name": "projection",
              "value": "full"
            }
          ],
          "postData": {
            "mimeType": "multipart/related; boundary=c14415a865582dfcab9ff7305112c6ba804dca79b04e005a3c4d2fe3173d",
            "params": [],
            "text": "--c14415a865582dfcab9ff7305112c6ba804dca79b04e005a3c4d2fe3173d\r\nContent-Type: application/json\r\n\r\n{\"bucket\":\"sinmetal-ci-fake\",\"name\":\"post.txt\"}\n\r\n--c14415a865582dfcab9ff7305112c6ba804dca79b04e005a3c4d2fe3173d\r\nContent-Type: text/plain; charset=utf-8\r\n\r\n{\"message\":\"hello fake\"}\r\n--c14415a865582dfcab9ff7305112c6ba804dca79b04e005a3c4d2fe3173d--\r\n"
          },
          "headersSize": -1,
          "bodySize": 347
        },
        "response": {
          "status": 200,
          "statusText": "",
          "httpVersion": "HTTP/2.0",
          "cookies": [],
          "headers": [
            {
              "name": "Alt-Svc",
              "value": "quic=\":443\"; ma=2592000; v=\"46,43\",h3-Q050=\":443\"; ma=2592000,h3-Q049=\":443\"; ma=2592000,h3-Q048=\":443\"; ma=2592000,h3-Q046=\":443\"; ma=2592000,h3-Q043=\":443\"; ma=2592000,h3-T050=\":443\"; ma=2592000"
            },
            {
              "name": "X-Guploader-Uploadid",
              "value": "AEnB2UrRCMy7gBUftAQ3Y1fPl3rDILxC8jec2f0w99Oe-D4cGEVZNi7LvJJvlo65fhbcNst2mRbD_OH0aT1lPfd66-HK9E5ALA"
            },
            {
              "name": "Etag",
              "value": "CPrv5Zuv7OgCEAE="
            },
            {
              "name": "Date",
              "value": "Thu, 16 Apr 2020 06:57:50 GMT"
            },
            {
              "name": "Vary",
              "value": "Origin"
            },
            {
              "name": "Vary",
              "value": "X-Origin"
            },
            {
              "name": "Expires",
              "value": "Mon, 01 Jan 1990 00:00:00 GMT"
            },
            {
              "name": "Pragma",
              "value": "no-cache"
            },
            {
              "name": "Server",
              "value": "UploadServer"
            },
            {
              "name": "Content-Type",
              "value": "application/json; charset=UTF-8"
            },
            {
              "name": "Cache-Control",
              "value": "no-cache, no-store, max-age=0, must-revalidate"
            },
            {
              "name": "Content-Length",
              "value": "2520"
            }
          ],
          "content": {
            "size": 2520,
            "mimeType": "application/json; charset=UTF-8",
            "text": "eyJraW5kIjoic3RvcmFnZSNvYmplY3QiLCJpZCI6InNpbm1ldGFsLWNpLWZha2UvcG9zdC50eHQvMTU4NzAyMDI3MDQ5OTgzNCIsInNlbGZMaW5rIjoiaHR0cHM6Ly93d3cuZ29vZ2xlYXBpcy5jb20vc3RvcmFnZS92MS9iL3Npbm1ldGFsLWNpLWZha2Uvby9wb3N0LnR4dCIsIm1lZGlhTGluayI6Imh0dHBzOi8vc3RvcmFnZS5nb29nbGVhcGlzLmNvbS9kb3dubG9hZC9zdG9yYWdlL3YxL2Ivc2lubWV0YWwtY2ktZmFrZS9vL3Bvc3QudHh0P2dlbmVyYXRpb249MTU4NzAyMDI3MDQ5OTgzNCZhbHQ9bWVkaWEiLCJuYW1lIjoicG9zdC50eHQiLCJidWNrZXQiOiJzaW5tZXRhbC1jaS1mYWtlIiwiZ2VuZXJhdGlvbiI6IjE1ODcwMjAyNzA0OTk4MzQiLCJtZXRhZ2VuZXJhdGlvbiI6IjEiLCJjb250ZW50VHlwZSI6InRleHQvcGxhaW47IGNoYXJzZXQ9dXRmLTgiLCJzdG9yYWdlQ2xhc3MiOiJTVEFOREFSRCIsInNpemUiOiIyNCIsIm1kNUhhc2giOiIzZnYwVlhIamszbkNjM3puVk5yY1J3PT0iLCJjcmMzMmMiOiJ2T011NVE9PSIsImV0YWciOiJDUHJ2NVp1djdPZ0NFQUU9IiwidGltZUNyZWF0ZWQiOiIyMDIwLTA0LTE2VDA2OjU3OjUwLjQ5OVoiLCJ1cGRhdGVkIjoiMjAyMC0wNC0xNlQwNjo1Nzo1MC40OTlaIiwidGltZVN0b3JhZ2VDbGFzc1VwZGF0ZWQiOiIyMDIwLTA0LTE2VDA2OjU3OjUwLjQ5OVoiLCJhY2wiOlt7ImtpbmQiOiJzdG9yYWdlI29iamVjdEFjY2Vzc0NvbnRyb2wiLCJvYmplY3QiOiJwb3N0LnR4dCIsImdlbmVyYXRpb24iOiIxNTg3MDIwMjcwNDk5ODM0IiwiaWQiOiJzaW5tZXRhbC1jaS1mYWtlL3Bvc3QudHh0LzE1ODcwMjAyNzA0OTk4MzQvcHJvamVjdC1vd25lcnMtNDAxNTgwOTc5ODE5Iiwic2VsZkxpbmsiOiJodHRwczovL3d3dy5nb29nbGVhcGlzLmNvbS9zdG9yYWdlL3YxL2Ivc2lubWV0YWwtY2ktZmFrZS9vL3Bvc3QudHh0L2FjbC9wcm9qZWN0LW93bmVycy00MDE1ODA5Nzk4MTkiLCJidWNrZXQiOiJzaW5tZXRhbC1jaS1mYWtlIiwiZW50aXR5IjoicHJvamVjdC1vd25lcnMtNDAxNTgwOTc5ODE5Iiwicm9sZSI6Ik9XTkVSIiwiZXRhZyI6IkNQcnY1WnV2N09nQ0VBRT0iLCJwcm9qZWN0VGVhbSI6eyJwcm9qZWN0TnVtYmVyIjoiNDAxNTgwOTc5ODE5IiwidGVhbSI6Im93bmVycyJ9fSx7ImtpbmQiOiJzdG9yYWdlI29iamVjdEFjY2Vzc0NvbnRyb2wiLCJvYmplY3QiOiJwb3N0LnR4dCIsImdlbmVyYXRpb24iOiIxNTg3MDIwMjcwNDk5ODM0IiwiaWQiOiJzaW5tZXRhbC1jaS1mYWtlL3Bvc3QudHh0LzE1ODcwMjAyNzA0OTk4MzQvcHJvamVjdC1lZGl0b3JzLTQwMTU4MDk3OTgxOSIsInNlbGZMaW5rIjoiaHR0cHM6Ly93d3cuZ29vZ2xlYXBpcy5jb20vc3RvcmFnZS92MS9iL3Npbm1ldGFsLWNpLWZha2Uvby9wb3N0LnR4dC9hY2wvcHJvamVjdC1lZGl0b3JzLTQwMTU4MDk3OTgxOSIsImJ1Y2tldCI6InNpbm1ldGFsLWNpLWZha2UiLCJlbnRpdHkiOiJwcm9qZWN0LWVkaXRvcnMtNDAxNTgwOTc5ODE5Iiwicm9sZSI6Ik9XTkVSIiwiZXRhZyI6IkNQcnY1WnV2N09nQ0VBRT0iLCJwcm9qZWN0VGVhbSI6eyJwcm9qZWN0TnVtYmVyIjoiNDAxNTgwOTc5ODE5IiwidGVhbSI6ImVkaXRvcnMifX0seyJraW5kIjoic3RvcmFnZSNvYmplY3RBY2Nlc3NDb250cm9sIiwib2JqZWN0IjoicG9zdC50eHQiLCJnZW5lcmF0aW9uIjoiMTU4NzAyMDI3MDQ5OTgzNCIsImlkIjoic2lubWV0YWwtY2ktZmFrZS9wb3N0LnR4dC8xNTg3MDIwMjcwNDk5ODM0L3Byb2plY3Qtdmlld2Vycy00MDE1ODA5Nzk4MTkiLCJzZWxmTGluayI6Imh0dHBzOi8vd3d3Lmdvb2dsZWFwaXMuY29tL3N0b3JhZ2UvdjEvYi9zaW5tZXRhbC1jaS1mYWtlL28vcG9zdC50eHQvYWNsL3Byb2plY3Qtdmlld2Vycy00MDE1ODA5Nzk4MTkiLCJidWNrZXQiOiJzaW5tZXRhbC1jaS1mYWtlIiwiZW50aXR5IjoicHJvamVjdC12aWV3ZXJzLTQwMTU4MDk3OTgxOSIsInJvbGUiOiJSRUFERVIiLCJldGFnIjoiQ1BydjVadXY3T2dDRUFFPSIsInByb2plY3RUZWFtIjp7InByb2plY3ROdW1iZXIiOiI0MDE1ODA5Nzk4MTkiLCJ0ZWFtIjoidmlld2VycyJ9fSx7ImtpbmQiOiJzdG9yYWdlI29iamVjdEFjY2Vzc0NvbnRyb2wiLCJvYmplY3QiOiJwb3N0LnR4dCIsImdlbmVyYXRpb24iOiIxNTg3MDIwMjcwNDk5ODM0IiwiaWQiOiJzaW5tZXRhbC1jaS1mYWtlL3Bvc3QudHh0LzE1ODcwMjAyNzA0OTk4MzQvdXNlci1zaW5tZXRhbEBtZXJjYXJpLmNvbSIsInNlbGZMaW5rIjoiaHR0cHM6Ly93d3cuZ29vZ2xlYXBpcy5jb20vc3RvcmFnZS92MS9iL3Npbm1ldGFsLWNpLWZha2Uvby9wb3N0LnR4dC9hY2wvdXNlci1zaW5tZXRhbEBtZXJjYXJpLmNvbSIsImJ1Y2tldCI6InNpbm1ldGFsLWNpLWZha2UiLCJlbnRpdHkiOiJ1c2VyLXNpbm1ldGFsQG1lcmNhcmkuY29tIiwicm9sZSI6Ik9XTkVSIiwiZW1haWwiOiJzaW5tZXRhbEBtZXJjYXJpLmNvbSIsImV0YWciOiJDUHJ2NVp1djdPZ0NFQUU9In1dLCJvd25lciI6eyJlbnRpdHkiOiJ1c2VyLXNpbm1ldGFsQG1lcmNhcmkuY29tIn19",
            "encoding": "base64"
          },
          "redirectURL": "",
          "headersSize": -1,
          "bodySize": 2520
        },
        "cache": {},
        "timings": {
          "blocked": -78.735496,
          "dns": -0.000001,
          "connect": 0.000532,
          "send": 0.355669,
          "wait": 309.013795,
          "receive": 0.174993,
          "ssl": -0.000001
        }
      }
    ]
  }
}